# SUMMARY LOG
Started at: 2025-09-26T11:29:11.624Z
==================================================

[2025-09-26T11:29:28.452Z] [INFO] PIPELINE EXECUTION SUMMARY 
[2025-09-26T11:29:28.453Z] [INFO] ================================================== 
[2025-09-26T11:29:28.453Z] [INFO] Execution started: 2025-09-26T11:29:11.612Z 
[2025-09-26T11:29:28.453Z] [INFO] Execution completed: 2025-09-26T11:29:28.453Z 
[2025-09-26T11:29:28.453Z] [INFO] Total duration: 16.84 seconds 
[2025-09-26T11:29:28.454Z] [INFO]  
[2025-09-26T11:29:28.454Z] [INFO] STAGE RESULTS: 
[2025-09-26T11:29:28.455Z] [INFO] Language Detection   ✅ PASS 
[2025-09-26T11:29:28.455Z] [INFO]   Languages detected: nodejs 
[2025-09-26T11:29:28.456Z] [INFO]   Primary language: nodejs 
[2025-09-26T11:29:28.456Z] [INFO] Dependency Check     ✅ PASS 
[2025-09-26T11:29:28.456Z] [INFO]   nodejs: SUCCESS 
[2025-09-26T11:29:28.457Z] [INFO] Code Quality         ✅ PASS 
[2025-09-26T11:29:28.458Z] [INFO]   nodejs: SUCCESS 
[2025-09-26T11:29:28.458Z] [INFO] NPM Version Scan     ❌ FAIL 
[2025-09-26T11:29:28.459Z] [INFO]   nodejs: FAILED 
[2025-09-26T11:29:28.459Z] [INFO] Secret Detection     ✅ PASS 
[2025-09-26T11:29:28.460Z] [INFO]   secretScan: SUCCESS 
[2025-09-26T11:29:28.460Z] [INFO] SAST Scan            ✅ PASS 
[2025-09-26T11:29:28.461Z] [INFO]   coverage: SUCCESS 
[2025-09-26T11:29:28.462Z] [ERROR]  
[2025-09-26T11:29:28.462Z] [ERROR] ❌ PIPELINE FAILED: Please review the issues above. 
[2025-09-26T11:29:28.463Z] [INFO]  
[2025-09-26T11:29:28.463Z] [INFO] FINAL STATUS: FAILED 
[2025-09-26T11:29:28.464Z] [INFO] Log files location: C:\Users\hsjagad\CascadeProjects\windsurf-cicd-pipeline-pre-commit\React_demo-master\windsurf-pipeline\logs\run-2025-09-26T11-29-11-612Z 
