# SUMMARY LOG
Started at: 2025-09-26T13:40:32.604Z
==================================================

[2025-09-26T13:40:53.946Z] [INFO] PIPELINE EXECUTION SUMMARY 
[2025-09-26T13:40:53.946Z] [INFO] ================================================== 
[2025-09-26T13:40:53.947Z] [INFO] Execution started: 2025-09-26T13:40:32.589Z 
[2025-09-26T13:40:53.947Z] [INFO] Execution completed: 2025-09-26T13:40:53.947Z 
[2025-09-26T13:40:53.948Z] [INFO] Total duration: 21.36 seconds 
[2025-09-26T13:40:53.948Z] [INFO]  
[2025-09-26T13:40:53.948Z] [INFO] STAGE RESULTS: 
[2025-09-26T13:40:53.949Z] [INFO] Language Detection   ✅ PASS 
[2025-09-26T13:40:53.950Z] [INFO]   Languages detected: nodejs 
[2025-09-26T13:40:53.950Z] [INFO]   Primary language: nodejs 
[2025-09-26T13:40:53.951Z] [INFO] Dependency Check     ✅ PASS 
[2025-09-26T13:40:53.951Z] [INFO]   nodejs: SUCCESS 
[2025-09-26T13:40:53.952Z] [INFO] Code Quality         ✅ PASS 
[2025-09-26T13:40:53.953Z] [INFO]   nodejs: SUCCESS 
[2025-09-26T13:40:53.954Z] [INFO] NPM Version Scan     ✅ PASS 
[2025-09-26T13:40:53.954Z] [INFO]   nodejs: SUCCESS 
[2025-09-26T13:40:53.955Z] [INFO] Secret Detection     ✅ PASS 
[2025-09-26T13:40:53.956Z] [INFO]   secretScan: SUCCESS 
[2025-09-26T13:40:53.957Z] [INFO] SAST Scan            ✅ PASS 
[2025-09-26T13:40:53.958Z] [INFO]   coverage: SUCCESS 
[2025-09-26T13:40:53.959Z] [INFO]  
[2025-09-26T13:40:53.959Z] [INFO] 🎉 PIPELINE SUCCESS: All checks passed! Code is ready for deployment. 
[2025-09-26T13:40:53.960Z] [INFO]  
[2025-09-26T13:40:53.960Z] [INFO] FINAL STATUS: SUCCESS 
[2025-09-26T13:40:53.961Z] [INFO] Log files location: C:\Users\hsjagad\CascadeProjects\windsurf-cicd-pipeline-pre-commit\React_demo-master\windsurf-pipeline\logs\run-2025-09-26T13-40-32-589Z 
