# NPM VERSION-SCAN LOG
Started at: 2025-09-26T06:40:11.336Z
==================================================

[2025-09-26T06:40:28.475Z] [INFO] Starting npm version vulnerability scan 
[2025-09-26T06:40:37.812Z] [ERROR] npm version scan: FAILED 
[2025-09-26T06:40:37.812Z] [ERROR] === NPM VERSION SCAN FAILURE DETAILS === 
[2025-09-26T06:40:37.813Z] [WARN] Outdated package: react (current: 18.3.1, wanted: 18.3.1, latest: 19.1.1) 
[2025-09-26T06:40:37.813Z] [WARN] Outdated package: react-dom (current: 18.3.1, wanted: 18.3.1, latest: 19.1.1) 
[2025-09-26T06:40:37.814Z] [ERROR] VULNERABILITY: @svgr/plugin-svgo 
[2025-09-26T06:40:37.815Z] [ERROR]   Severity: HIGH 
[2025-09-26T06:40:37.815Z] [ERROR]   Title: Unknown vulnerability 
[2025-09-26T06:40:37.815Z] [ERROR]   Description: No description available 
[2025-09-26T06:40:37.816Z] [ERROR]   Affected Range: <=5.5.0 
[2025-09-26T06:40:37.816Z] [ERROR]   Direct Dependency: No 
[2025-09-26T06:40:37.817Z] [ERROR]   Fix Available: Run 'npm audit fix' 
[2025-09-26T06:40:37.817Z] [ERROR]   Found in: node_modules/@svgr/plugin-svgo 
[2025-09-26T06:40:37.817Z] [ERROR]   --- 
[2025-09-26T06:40:37.818Z] [ERROR] VULNERABILITY: @svgr/webpack 
[2025-09-26T06:40:37.818Z] [ERROR]   Severity: HIGH 
[2025-09-26T06:40:37.819Z] [ERROR]   Title: Unknown vulnerability 
[2025-09-26T06:40:37.820Z] [ERROR]   Description: No description available 
[2025-09-26T06:40:37.820Z] [ERROR]   Affected Range: 4.0.0 - 5.5.0 
[2025-09-26T06:40:37.820Z] [ERROR]   Direct Dependency: No 
[2025-09-26T06:40:37.821Z] [ERROR]   Fix Available: Run 'npm audit fix' 
[2025-09-26T06:40:37.821Z] [ERROR]   Found in: node_modules/@svgr/webpack 
[2025-09-26T06:40:37.822Z] [ERROR]   --- 
[2025-09-26T06:40:37.822Z] [ERROR] VULNERABILITY: css-select 
[2025-09-26T06:40:37.823Z] [ERROR]   Severity: HIGH 
[2025-09-26T06:40:37.823Z] [ERROR]   Title: Unknown vulnerability 
[2025-09-26T06:40:37.823Z] [ERROR]   Description: No description available 
[2025-09-26T06:40:37.824Z] [ERROR]   Affected Range: <=3.1.0 
[2025-09-26T06:40:37.824Z] [ERROR]   Direct Dependency: No 
[2025-09-26T06:40:37.824Z] [ERROR]   Fix Available: Run 'npm audit fix' 
[2025-09-26T06:40:37.824Z] [ERROR]   Found in: node_modules/svgo/node_modules/css-select 
[2025-09-26T06:40:37.825Z] [ERROR]   --- 
[2025-09-26T06:40:37.825Z] [ERROR] VULNERABILITY: nth-check 
[2025-09-26T06:40:37.825Z] [ERROR]   Severity: HIGH 
[2025-09-26T06:40:37.826Z] [ERROR]   Title: Inefficient Regular Expression Complexity in nth-check 
[2025-09-26T06:40:37.826Z] [ERROR]   Description: No description available 
[2025-09-26T06:40:37.826Z] [ERROR]   Affected Range: <2.0.1 
[2025-09-26T06:40:37.827Z] [ERROR]   Direct Dependency: No 
[2025-09-26T06:40:37.827Z] [ERROR]   More Info: https://github.com/advisories/GHSA-rp65-9cf3-cjxr 
[2025-09-26T06:40:37.827Z] [ERROR]   Fix Available: Run 'npm audit fix' 
[2025-09-26T06:40:37.827Z] [ERROR]   Found in: node_modules/svgo/node_modules/nth-check 
[2025-09-26T06:40:37.828Z] [ERROR]   --- 
[2025-09-26T06:40:37.828Z] [ERROR] VULNERABILITY: postcss 
[2025-09-26T06:40:37.828Z] [ERROR]   Severity: MODERATE 
[2025-09-26T06:40:37.829Z] [ERROR]   Title: PostCSS line return parsing error 
[2025-09-26T06:40:37.829Z] [ERROR]   Description: No description available 
[2025-09-26T06:40:37.829Z] [ERROR]   Affected Range: <8.4.31 
[2025-09-26T06:40:37.830Z] [ERROR]   Direct Dependency: No 
[2025-09-26T06:40:37.830Z] [ERROR]   More Info: https://github.com/advisories/GHSA-7fh5-64p2-3v2j 
[2025-09-26T06:40:37.830Z] [ERROR]   Fix Available: Run 'npm audit fix' 
[2025-09-26T06:40:37.831Z] [ERROR]   Found in: node_modules/resolve-url-loader/node_modules/postcss 
[2025-09-26T06:40:37.831Z] [ERROR]   --- 
[2025-09-26T06:40:37.831Z] [ERROR] VULNERABILITY: react-scripts 
[2025-09-26T06:40:37.832Z] [ERROR]   Severity: HIGH 
[2025-09-26T06:40:37.832Z] [ERROR]   Title: Unknown vulnerability 
[2025-09-26T06:40:37.832Z] [ERROR]   Description: No description available 
[2025-09-26T06:40:37.833Z] [ERROR]   Affected Range: >=0.1.0 
[2025-09-26T06:40:37.833Z] [ERROR]   Direct Dependency: Yes 
[2025-09-26T06:40:37.834Z] [ERROR]   Fix Available: Run 'npm audit fix' 
[2025-09-26T06:40:37.834Z] [ERROR]   Found in: node_modules/react-scripts 
[2025-09-26T06:40:37.834Z] [ERROR]   --- 
[2025-09-26T06:40:37.835Z] [ERROR] VULNERABILITY: resolve-url-loader 
[2025-09-26T06:40:37.835Z] [ERROR]   Severity: MODERATE 
[2025-09-26T06:40:37.836Z] [ERROR]   Title: Unknown vulnerability 
[2025-09-26T06:40:37.836Z] [ERROR]   Description: No description available 
[2025-09-26T06:40:37.837Z] [ERROR]   Affected Range: 0.0.1-experiment-postcss || 3.0.0-alpha.1 - 4.0.0 
[2025-09-26T06:40:37.837Z] [ERROR]   Direct Dependency: No 
[2025-09-26T06:40:37.837Z] [ERROR]   Fix Available: Run 'npm audit fix' 
[2025-09-26T06:40:37.838Z] [ERROR]   Found in: node_modules/resolve-url-loader 
[2025-09-26T06:40:37.838Z] [ERROR]   --- 
[2025-09-26T06:40:37.839Z] [ERROR] VULNERABILITY: svgo 
[2025-09-26T06:40:37.839Z] [ERROR]   Severity: HIGH 
[2025-09-26T06:40:37.840Z] [ERROR]   Title: Unknown vulnerability 
[2025-09-26T06:40:37.840Z] [ERROR]   Description: No description available 
[2025-09-26T06:40:37.841Z] [ERROR]   Affected Range: 1.0.0 - 1.3.2 
[2025-09-26T06:40:37.841Z] [ERROR]   Direct Dependency: No 
[2025-09-26T06:40:37.841Z] [ERROR]   Fix Available: Run 'npm audit fix' 
[2025-09-26T06:40:37.842Z] [ERROR]   Found in: node_modules/svgo 
[2025-09-26T06:40:37.842Z] [ERROR]   --- 
[2025-09-26T06:40:37.843Z] [ERROR] VULNERABILITY: webpack-dev-server 
[2025-09-26T06:40:37.843Z] [ERROR]   Severity: MODERATE 
[2025-09-26T06:40:37.843Z] [ERROR]   Title: webpack-dev-server users' source code may be stolen when they access a malicious web site with non-Chromium based browser 
[2025-09-26T06:40:37.844Z] [ERROR]   Description: No description available 
[2025-09-26T06:40:37.844Z] [ERROR]   Affected Range: <=5.2.0 
[2025-09-26T06:40:37.845Z] [ERROR]   Direct Dependency: No 
[2025-09-26T06:40:37.845Z] [ERROR]   More Info: https://github.com/advisories/GHSA-9jgg-88mc-972h 
[2025-09-26T06:40:37.845Z] [ERROR]   Fix Available: Run 'npm audit fix' 
[2025-09-26T06:40:37.846Z] [ERROR]   Found in: node_modules/webpack-dev-server 
[2025-09-26T06:40:37.846Z] [ERROR]   --- 
[2025-09-26T06:40:37.846Z] [INFO] npm version scan completed. Overall success: false 
