# NPM VERSION-SCAN LOG
Started at: 2025-09-26T06:12:59.859Z
==================================================

[2025-09-26T06:13:14.574Z] [INFO] Starting npm version vulnerability scan 
[2025-09-26T06:13:22.840Z] [ERROR] npm version scan: FAILED 
[2025-09-26T06:13:22.840Z] [ERROR] === NPM VERSION SCAN FAILURE DETAILS === 
[2025-09-26T06:13:22.841Z] [WARN] Outdated package: react (current: 18.3.1, wanted: 18.3.1, latest: 19.1.1) 
[2025-09-26T06:13:22.841Z] [WARN] Outdated package: react-dom (current: 18.3.1, wanted: 18.3.1, latest: 19.1.1) 
[2025-09-26T06:13:22.842Z] [ERROR] VULNERABILITY: @svgr/plugin-svgo 
[2025-09-26T06:13:22.844Z] [ERROR]   Severity: HIGH 
[2025-09-26T06:13:22.845Z] [ERROR]   Title: Unknown vulnerability 
[2025-09-26T06:13:22.845Z] [ERROR]   Description: No description available 
[2025-09-26T06:13:22.845Z] [ERROR]   Affected Range: <=5.5.0 
[2025-09-26T06:13:22.846Z] [ERROR]   Direct Dependency: No 
[2025-09-26T06:13:22.846Z] [ERROR]   Fix Available: Run 'npm audit fix' 
[2025-09-26T06:13:22.846Z] [ERROR]   Found in: node_modules/@svgr/plugin-svgo 
[2025-09-26T06:13:22.846Z] [ERROR]   --- 
[2025-09-26T06:13:22.847Z] [ERROR] VULNERABILITY: @svgr/webpack 
[2025-09-26T06:13:22.847Z] [ERROR]   Severity: HIGH 
[2025-09-26T06:13:22.847Z] [ERROR]   Title: Unknown vulnerability 
[2025-09-26T06:13:22.847Z] [ERROR]   Description: No description available 
[2025-09-26T06:13:22.848Z] [ERROR]   Affected Range: 4.0.0 - 5.5.0 
[2025-09-26T06:13:22.848Z] [ERROR]   Direct Dependency: No 
[2025-09-26T06:13:22.848Z] [ERROR]   Fix Available: Run 'npm audit fix' 
[2025-09-26T06:13:22.848Z] [ERROR]   Found in: node_modules/@svgr/webpack 
[2025-09-26T06:13:22.849Z] [ERROR]   --- 
[2025-09-26T06:13:22.849Z] [ERROR] VULNERABILITY: css-select 
[2025-09-26T06:13:22.849Z] [ERROR]   Severity: HIGH 
[2025-09-26T06:13:22.849Z] [ERROR]   Title: Unknown vulnerability 
[2025-09-26T06:13:22.850Z] [ERROR]   Description: No description available 
[2025-09-26T06:13:22.850Z] [ERROR]   Affected Range: <=3.1.0 
[2025-09-26T06:13:22.851Z] [ERROR]   Direct Dependency: No 
[2025-09-26T06:13:22.852Z] [ERROR]   Fix Available: Run 'npm audit fix' 
[2025-09-26T06:13:22.852Z] [ERROR]   Found in: node_modules/svgo/node_modules/css-select 
[2025-09-26T06:13:22.852Z] [ERROR]   --- 
[2025-09-26T06:13:22.853Z] [ERROR] VULNERABILITY: nth-check 
[2025-09-26T06:13:22.853Z] [ERROR]   Severity: HIGH 
[2025-09-26T06:13:22.854Z] [ERROR]   Title: Inefficient Regular Expression Complexity in nth-check 
[2025-09-26T06:13:22.854Z] [ERROR]   Description: No description available 
[2025-09-26T06:13:22.854Z] [ERROR]   Affected Range: <2.0.1 
[2025-09-26T06:13:22.855Z] [ERROR]   Direct Dependency: No 
[2025-09-26T06:13:22.855Z] [ERROR]   More Info: https://github.com/advisories/GHSA-rp65-9cf3-cjxr 
[2025-09-26T06:13:22.855Z] [ERROR]   Fix Available: Run 'npm audit fix' 
[2025-09-26T06:13:22.856Z] [ERROR]   Found in: node_modules/svgo/node_modules/nth-check 
[2025-09-26T06:13:22.856Z] [ERROR]   --- 
[2025-09-26T06:13:22.856Z] [ERROR] VULNERABILITY: postcss 
[2025-09-26T06:13:22.856Z] [ERROR]   Severity: MODERATE 
[2025-09-26T06:13:22.857Z] [ERROR]   Title: PostCSS line return parsing error 
[2025-09-26T06:13:22.857Z] [ERROR]   Description: No description available 
[2025-09-26T06:13:22.857Z] [ERROR]   Affected Range: <8.4.31 
[2025-09-26T06:13:22.857Z] [ERROR]   Direct Dependency: No 
[2025-09-26T06:13:22.858Z] [ERROR]   More Info: https://github.com/advisories/GHSA-7fh5-64p2-3v2j 
[2025-09-26T06:13:22.858Z] [ERROR]   Fix Available: Run 'npm audit fix' 
[2025-09-26T06:13:22.858Z] [ERROR]   Found in: node_modules/resolve-url-loader/node_modules/postcss 
[2025-09-26T06:13:22.858Z] [ERROR]   --- 
[2025-09-26T06:13:22.859Z] [ERROR] VULNERABILITY: react-scripts 
[2025-09-26T06:13:22.859Z] [ERROR]   Severity: HIGH 
[2025-09-26T06:13:22.859Z] [ERROR]   Title: Unknown vulnerability 
[2025-09-26T06:13:22.860Z] [ERROR]   Description: No description available 
[2025-09-26T06:13:22.860Z] [ERROR]   Affected Range: >=0.1.0 
[2025-09-26T06:13:22.860Z] [ERROR]   Direct Dependency: Yes 
[2025-09-26T06:13:22.860Z] [ERROR]   Fix Available: Run 'npm audit fix' 
[2025-09-26T06:13:22.860Z] [ERROR]   Found in: node_modules/react-scripts 
[2025-09-26T06:13:22.861Z] [ERROR]   --- 
[2025-09-26T06:13:22.861Z] [ERROR] VULNERABILITY: resolve-url-loader 
[2025-09-26T06:13:22.861Z] [ERROR]   Severity: MODERATE 
[2025-09-26T06:13:22.861Z] [ERROR]   Title: Unknown vulnerability 
[2025-09-26T06:13:22.862Z] [ERROR]   Description: No description available 
[2025-09-26T06:13:22.862Z] [ERROR]   Affected Range: 0.0.1-experiment-postcss || 3.0.0-alpha.1 - 4.0.0 
[2025-09-26T06:13:22.862Z] [ERROR]   Direct Dependency: No 
[2025-09-26T06:13:22.862Z] [ERROR]   Fix Available: Run 'npm audit fix' 
[2025-09-26T06:13:22.862Z] [ERROR]   Found in: node_modules/resolve-url-loader 
[2025-09-26T06:13:22.863Z] [ERROR]   --- 
[2025-09-26T06:13:22.863Z] [ERROR] VULNERABILITY: svgo 
[2025-09-26T06:13:22.863Z] [ERROR]   Severity: HIGH 
[2025-09-26T06:13:22.863Z] [ERROR]   Title: Unknown vulnerability 
[2025-09-26T06:13:22.864Z] [ERROR]   Description: No description available 
[2025-09-26T06:13:22.864Z] [ERROR]   Affected Range: 1.0.0 - 1.3.2 
[2025-09-26T06:13:22.864Z] [ERROR]   Direct Dependency: No 
[2025-09-26T06:13:22.864Z] [ERROR]   Fix Available: Run 'npm audit fix' 
[2025-09-26T06:13:22.864Z] [ERROR]   Found in: node_modules/svgo 
[2025-09-26T06:13:22.865Z] [ERROR]   --- 
[2025-09-26T06:13:22.865Z] [ERROR] VULNERABILITY: webpack-dev-server 
[2025-09-26T06:13:22.865Z] [ERROR]   Severity: MODERATE 
[2025-09-26T06:13:22.866Z] [ERROR]   Title: webpack-dev-server users' source code may be stolen when they access a malicious web site with non-Chromium based browser 
[2025-09-26T06:13:22.866Z] [ERROR]   Description: No description available 
[2025-09-26T06:13:22.867Z] [ERROR]   Affected Range: <=5.2.0 
[2025-09-26T06:13:22.867Z] [ERROR]   Direct Dependency: No 
[2025-09-26T06:13:22.868Z] [ERROR]   More Info: https://github.com/advisories/GHSA-9jgg-88mc-972h 
[2025-09-26T06:13:22.868Z] [ERROR]   Fix Available: Run 'npm audit fix' 
[2025-09-26T06:13:22.869Z] [ERROR]   Found in: node_modules/webpack-dev-server 
[2025-09-26T06:13:22.869Z] [ERROR]   --- 
[2025-09-26T06:13:22.870Z] [INFO] npm version scan completed. Overall success: false 
