# SUMMARY LOG
Started at: 2025-09-26T06:12:59.868Z
==================================================

[2025-09-26T06:13:22.923Z] [INFO] PIPELINE EXECUTION SUMMARY 
[2025-09-26T06:13:22.924Z] [INFO] ================================================== 
[2025-09-26T06:13:22.924Z] [INFO] Execution started: 2025-09-26T06:12:59.837Z 
[2025-09-26T06:13:22.925Z] [INFO] Execution completed: 2025-09-26T06:13:22.925Z 
[2025-09-26T06:13:22.925Z] [INFO] Total duration: 23.09 seconds 
[2025-09-26T06:13:22.926Z] [INFO]  
[2025-09-26T06:13:22.926Z] [INFO] STAGE RESULTS: 
[2025-09-26T06:13:22.927Z] [INFO] Language Detection   ✅ PASS 
[2025-09-26T06:13:22.928Z] [INFO]   Languages detected: nodejs 
[2025-09-26T06:13:22.928Z] [INFO]   Primary language: nodejs 
[2025-09-26T06:13:22.928Z] [INFO] Dependency Check     ✅ PASS 
[2025-09-26T06:13:22.929Z] [INFO]   nodejs: SUCCESS 
[2025-09-26T06:13:22.930Z] [INFO] Code Quality         ✅ PASS 
[2025-09-26T06:13:22.930Z] [INFO]   nodejs: SUCCESS 
[2025-09-26T06:13:22.930Z] [INFO] NPM Version Scan     ❌ FAIL 
[2025-09-26T06:13:22.931Z] [INFO]   nodejs: FAILED 
[2025-09-26T06:13:22.932Z] [INFO] Secret Detection     ✅ PASS 
[2025-09-26T06:13:22.932Z] [INFO]   secretScan: SUCCESS 
[2025-09-26T06:13:22.932Z] [INFO] SAST Scan            ✅ PASS 
[2025-09-26T06:13:22.933Z] [INFO]   coverage: SUCCESS 
[2025-09-26T06:13:22.935Z] [ERROR]  
[2025-09-26T06:13:22.936Z] [ERROR] ❌ PIPELINE FAILED: Please review the issues above. 
[2025-09-26T06:13:22.936Z] [INFO]  
[2025-09-26T06:13:22.936Z] [INFO] FINAL STATUS: FAILED 
[2025-09-26T06:13:22.937Z] [INFO] Log files location: C:\Users\hsjagad\CascadeProjects\windsurf-cicd-pipeline-pre-commit\React_demo-master\windsurf-pipeline\logs\run-2025-09-26T06-12-59-839Z 
