# SUMMARY LOG
Started at: 2025-09-26T11:37:33.292Z
==================================================

[2025-09-26T11:37:54.773Z] [INFO] PIPELINE EXECUTION SUMMARY 
[2025-09-26T11:37:54.774Z] [INFO] ================================================== 
[2025-09-26T11:37:54.774Z] [INFO] Execution started: 2025-09-26T11:37:33.263Z 
[2025-09-26T11:37:54.775Z] [INFO] Execution completed: 2025-09-26T11:37:54.775Z 
[2025-09-26T11:37:54.775Z] [INFO] Total duration: 21.51 seconds 
[2025-09-26T11:37:54.775Z] [INFO]  
[2025-09-26T11:37:54.776Z] [INFO] STAGE RESULTS: 
[2025-09-26T11:37:54.776Z] [INFO] Language Detection   ✅ PASS 
[2025-09-26T11:37:54.777Z] [INFO]   Languages detected: nodejs 
[2025-09-26T11:37:54.777Z] [INFO]   Primary language: nodejs 
[2025-09-26T11:37:54.778Z] [INFO] Dependency Check     ✅ PASS 
[2025-09-26T11:37:54.778Z] [INFO]   nodejs: SUCCESS 
[2025-09-26T11:37:54.779Z] [INFO] Code Quality         ✅ PASS 
[2025-09-26T11:37:54.779Z] [INFO]   nodejs: SUCCESS 
[2025-09-26T11:37:54.780Z] [INFO] NPM Version Scan     ❌ FAIL 
[2025-09-26T11:37:54.780Z] [INFO]   nodejs: FAILED 
[2025-09-26T11:37:54.781Z] [INFO] Secret Detection     ✅ PASS 
[2025-09-26T11:37:54.781Z] [INFO]   secretScan: SUCCESS 
[2025-09-26T11:37:54.782Z] [INFO] SAST Scan            ✅ PASS 
[2025-09-26T11:37:54.782Z] [INFO]   coverage: SUCCESS 
[2025-09-26T11:37:54.784Z] [ERROR]  
[2025-09-26T11:37:54.784Z] [ERROR] ❌ PIPELINE FAILED: Please review the issues above. 
[2025-09-26T11:37:54.785Z] [INFO]  
[2025-09-26T11:37:54.785Z] [INFO] FINAL STATUS: FAILED 
[2025-09-26T11:37:54.785Z] [INFO] Log files location: C:\Users\hsjagad\CascadeProjects\windsurf-cicd-pipeline-pre-commit\React_demo-master\windsurf-pipeline\logs\run-2025-09-26T11-37-33-264Z 
