# SUMMARY LOG
Started at: 2025-09-26T10:53:37.385Z
==================================================

[2025-09-26T10:53:56.598Z] [INFO] PIPELINE EXECUTION SUMMARY 
[2025-09-26T10:53:56.598Z] [INFO] ================================================== 
[2025-09-26T10:53:56.599Z] [INFO] Execution started: 2025-09-26T10:53:37.369Z 
[2025-09-26T10:53:56.599Z] [INFO] Execution completed: 2025-09-26T10:53:56.599Z 
[2025-09-26T10:53:56.599Z] [INFO] Total duration: 19.23 seconds 
[2025-09-26T10:53:56.600Z] [INFO]  
[2025-09-26T10:53:56.600Z] [INFO] STAGE RESULTS: 
[2025-09-26T10:53:56.601Z] [INFO] Language Detection   ✅ PASS 
[2025-09-26T10:53:56.601Z] [INFO]   Languages detected: nodejs 
[2025-09-26T10:53:56.602Z] [INFO]   Primary language: nodejs 
[2025-09-26T10:53:56.603Z] [INFO] Dependency Check     ✅ PASS 
[2025-09-26T10:53:56.603Z] [INFO]   nodejs: SUCCESS 
[2025-09-26T10:53:56.604Z] [INFO] Code Quality         ✅ PASS 
[2025-09-26T10:53:56.604Z] [INFO]   nodejs: SUCCESS 
[2025-09-26T10:53:56.605Z] [INFO] NPM Version Scan     ❌ FAIL 
[2025-09-26T10:53:56.606Z] [INFO]   nodejs: FAILED 
[2025-09-26T10:53:56.606Z] [INFO] Secret Detection     ✅ PASS 
[2025-09-26T10:53:56.607Z] [INFO]   secretScan: SUCCESS 
[2025-09-26T10:53:56.607Z] [INFO] SAST Scan            ✅ PASS 
[2025-09-26T10:53:56.608Z] [INFO]   coverage: SUCCESS 
[2025-09-26T10:53:56.608Z] [ERROR]  
[2025-09-26T10:53:56.609Z] [ERROR] ❌ PIPELINE FAILED: Please review the issues above. 
[2025-09-26T10:53:56.609Z] [INFO]  
[2025-09-26T10:53:56.609Z] [INFO] FINAL STATUS: FAILED 
[2025-09-26T10:53:56.610Z] [INFO] Log files location: C:\Users\hsjagad\CascadeProjects\windsurf-cicd-pipeline-pre-commit\React_demo-master\windsurf-pipeline\logs\run-2025-09-26T10-53-37-370Z 
