# NPM VERSION-SCAN LOG
Started at: 2025-09-26T05:03:32.352Z
==================================================

[2025-09-26T05:03:44.746Z] [INFO] Starting npm version vulnerability scan 
[2025-09-26T05:03:52.207Z] [ERROR] npm version scan: FAILED 
[2025-09-26T05:03:52.208Z] [ERROR] === NPM VERSION SCAN FAILURE DETAILS === 
[2025-09-26T05:03:52.208Z] [WARN] Outdated package: @mui/icons-material (current: 5.18.0, wanted: 5.18.0, latest: 7.3.2) 
[2025-09-26T05:03:52.208Z] [WARN] Outdated package: @mui/material (current: 5.18.0, wanted: 5.18.0, latest: 7.3.2) 
[2025-09-26T05:03:52.209Z] [WARN] Outdated package: husky (current: 8.0.3, wanted: 8.0.3, latest: 9.1.7) 
[2025-09-26T05:03:52.209Z] [WARN] Outdated package: lint-staged (current: 15.5.2, wanted: 15.5.2, latest: 16.2.1) 
[2025-09-26T05:03:52.210Z] [WARN] Outdated package: react (current: 18.3.1, wanted: 18.3.1, latest: 19.1.1) 
[2025-09-26T05:03:52.210Z] [WARN] Outdated package: react-dom (current: 18.3.1, wanted: 18.3.1, latest: 19.1.1) 
[2025-09-26T05:03:52.210Z] [ERROR] Vulnerable package: @svgr/plugin-svgo 
[2025-09-26T05:03:52.211Z] [ERROR] Vulnerable package: @svgr/webpack 
[2025-09-26T05:03:52.211Z] [ERROR] Vulnerable package: css-select 
[2025-09-26T05:03:52.212Z] [ERROR] Vulnerable package: nth-check 
[2025-09-26T05:03:52.212Z] [ERROR] Vulnerable package: postcss 
[2025-09-26T05:03:52.212Z] [ERROR] Vulnerable package: react-scripts 
[2025-09-26T05:03:52.213Z] [ERROR] Vulnerable package: resolve-url-loader 
[2025-09-26T05:03:52.213Z] [ERROR] Vulnerable package: svgo 
[2025-09-26T05:03:52.213Z] [ERROR] Vulnerable package: webpack-dev-server 
[2025-09-26T05:03:52.213Z] [INFO] npm version scan completed. Overall success: false 
