# SUMMARY LOG
Started at: 2025-09-26T11:38:55.242Z
==================================================

[2025-09-26T11:39:38.357Z] [INFO] PIPELINE EXECUTION SUMMARY 
[2025-09-26T11:39:38.358Z] [INFO] ================================================== 
[2025-09-26T11:39:38.358Z] [INFO] Execution started: 2025-09-26T11:38:55.224Z 
[2025-09-26T11:39:38.359Z] [INFO] Execution completed: 2025-09-26T11:39:38.359Z 
[2025-09-26T11:39:38.359Z] [INFO] Total duration: 43.13 seconds 
[2025-09-26T11:39:38.360Z] [INFO]  
[2025-09-26T11:39:38.360Z] [INFO] STAGE RESULTS: 
[2025-09-26T11:39:38.361Z] [INFO] Language Detection   ✅ PASS 
[2025-09-26T11:39:38.362Z] [INFO]   Languages detected: nodejs 
[2025-09-26T11:39:38.362Z] [INFO]   Primary language: nodejs 
[2025-09-26T11:39:38.363Z] [INFO] Dependency Check     ✅ PASS 
[2025-09-26T11:39:38.363Z] [INFO]   nodejs: SUCCESS 
[2025-09-26T11:39:38.364Z] [INFO] Code Quality         ✅ PASS 
[2025-09-26T11:39:38.365Z] [INFO]   nodejs: SUCCESS 
[2025-09-26T11:39:38.366Z] [INFO] NPM Version Scan     ✅ PASS 
[2025-09-26T11:39:38.366Z] [INFO]   nodejs: SUCCESS 
[2025-09-26T11:39:38.367Z] [INFO] Secret Detection     ✅ PASS 
[2025-09-26T11:39:38.368Z] [INFO]   secretScan: SUCCESS 
[2025-09-26T11:39:38.368Z] [INFO] SAST Scan            ✅ PASS 
[2025-09-26T11:39:38.369Z] [INFO]   coverage: SUCCESS 
[2025-09-26T11:39:38.370Z] [INFO]  
[2025-09-26T11:39:38.370Z] [INFO] 🎉 PIPELINE SUCCESS: All checks passed! Code is ready for deployment. 
[2025-09-26T11:39:38.371Z] [INFO]  
[2025-09-26T11:39:38.371Z] [INFO] FINAL STATUS: SUCCESS 
[2025-09-26T11:39:38.372Z] [INFO] Log files location: C:\Users\hsjagad\CascadeProjects\windsurf-cicd-pipeline-pre-commit\React_demo-master\windsurf-pipeline\logs\run-2025-09-26T11-38-55-224Z 
