# SUMMARY LOG
Started at: 2025-09-26T10:17:47.322Z
==================================================

[2025-09-26T10:18:14.448Z] [INFO] PIPELINE EXECUTION SUMMARY 
[2025-09-26T10:18:14.448Z] [INFO] ================================================== 
[2025-09-26T10:18:14.449Z] [INFO] Execution started: 2025-09-26T10:17:47.303Z 
[2025-09-26T10:18:14.449Z] [INFO] Execution completed: 2025-09-26T10:18:14.449Z 
[2025-09-26T10:18:14.449Z] [INFO] Total duration: 27.14 seconds 
[2025-09-26T10:18:14.450Z] [INFO]  
[2025-09-26T10:18:14.450Z] [INFO] STAGE RESULTS: 
[2025-09-26T10:18:14.450Z] [INFO] Language Detection   ✅ PASS 
[2025-09-26T10:18:14.451Z] [INFO]   Languages detected: nodejs 
[2025-09-26T10:18:14.452Z] [INFO]   Primary language: nodejs 
[2025-09-26T10:18:14.452Z] [INFO] Dependency Check     ✅ PASS 
[2025-09-26T10:18:14.453Z] [INFO]   nodejs: SUCCESS 
[2025-09-26T10:18:14.454Z] [INFO] Code Quality         ✅ PASS 
[2025-09-26T10:18:14.455Z] [INFO]   nodejs: SUCCESS 
[2025-09-26T10:18:14.455Z] [INFO] NPM Version Scan     ❌ FAIL 
[2025-09-26T10:18:14.456Z] [INFO]   nodejs: FAILED 
[2025-09-26T10:18:14.456Z] [INFO] Secret Detection     ✅ PASS 
[2025-09-26T10:18:14.457Z] [INFO]   secretScan: SUCCESS 
[2025-09-26T10:18:14.457Z] [INFO] SAST Scan            ✅ PASS 
[2025-09-26T10:18:14.458Z] [INFO]   coverage: SUCCESS 
[2025-09-26T10:18:14.459Z] [ERROR]  
[2025-09-26T10:18:14.460Z] [ERROR] ❌ PIPELINE FAILED: Please review the issues above. 
[2025-09-26T10:18:14.460Z] [INFO]  
[2025-09-26T10:18:14.461Z] [INFO] FINAL STATUS: FAILED 
[2025-09-26T10:18:14.462Z] [INFO] Log files location: C:\Users\hsjagad\CascadeProjects\windsurf-cicd-pipeline-pre-commit\React_demo-master\windsurf-pipeline\logs\run-2025-09-26T10-17-47-304Z 
