# SUMMARY LOG
Started at: 2025-09-26T12:37:18.453Z
==================================================

[2025-09-26T12:43:56.139Z] [INFO] PIPELINE EXECUTION SUMMARY 
[2025-09-26T12:43:56.140Z] [INFO] ================================================== 
[2025-09-26T12:43:56.140Z] [INFO] Execution started: 2025-09-26T12:37:18.419Z 
[2025-09-26T12:43:56.141Z] [INFO] Execution completed: 2025-09-26T12:43:56.141Z 
[2025-09-26T12:43:56.141Z] [INFO] Total duration: 397.72 seconds 
[2025-09-26T12:43:56.141Z] [INFO]  
[2025-09-26T12:43:56.142Z] [INFO] STAGE RESULTS: 
[2025-09-26T12:43:56.142Z] [INFO] Language Detection   ✅ PASS 
[2025-09-26T12:43:56.143Z] [INFO]   Languages detected: nodejs 
[2025-09-26T12:43:56.144Z] [INFO]   Primary language: nodejs 
[2025-09-26T12:43:56.144Z] [INFO] Dependency Check     ✅ PASS 
[2025-09-26T12:43:56.145Z] [INFO]   nodejs: SUCCESS 
[2025-09-26T12:43:56.146Z] [INFO] Code Quality         ❌ FAIL 
[2025-09-26T12:43:56.147Z] [INFO]   nodejs: FAILED 
[2025-09-26T12:43:56.147Z] [INFO] NPM Version Scan     ❌ FAIL 
[2025-09-26T12:43:56.148Z] [INFO]   nodejs: FAILED 
[2025-09-26T12:43:56.149Z] [INFO] Secret Detection     ✅ PASS 
[2025-09-26T12:43:56.149Z] [INFO]   secretScan: SUCCESS 
[2025-09-26T12:43:56.150Z] [INFO] SAST Scan            ✅ PASS 
[2025-09-26T12:43:56.150Z] [INFO]   coverage: SUCCESS 
[2025-09-26T12:43:56.151Z] [ERROR]  
[2025-09-26T12:43:56.152Z] [ERROR] ❌ PIPELINE FAILED: Please review the issues above. 
[2025-09-26T12:43:56.152Z] [INFO]  
[2025-09-26T12:43:56.153Z] [INFO] FINAL STATUS: FAILED 
[2025-09-26T12:43:56.153Z] [INFO] Log files location: C:\Users\hsjagad\CascadeProjects\windsurf-cicd-pipeline-pre-commit\React_demo-master\windsurf-pipeline\logs\run-2025-09-26T12-37-18-420Z 
