# NPM VERSION-SCAN LOG
Started at: 2025-09-26T05:08:55.505Z
==================================================

[2025-09-26T05:09:18.566Z] [INFO] Starting npm version vulnerability scan 
[2025-09-26T05:09:28.418Z] [ERROR] npm version scan: FAILED 
[2025-09-26T05:09:28.418Z] [ERROR] === NPM VERSION SCAN FAILURE DETAILS === 
[2025-09-26T05:09:28.418Z] [WARN] Outdated package: @mui/icons-material (current: 5.18.0, wanted: 5.18.0, latest: 7.3.2) 
[2025-09-26T05:09:28.419Z] [WARN] Outdated package: @mui/material (current: 5.18.0, wanted: 5.18.0, latest: 7.3.2) 
[2025-09-26T05:09:28.419Z] [WARN] Outdated package: husky (current: 8.0.3, wanted: 8.0.3, latest: 9.1.7) 
[2025-09-26T05:09:28.425Z] [WARN] Outdated package: lint-staged (current: 15.5.2, wanted: 15.5.2, latest: 16.2.1) 
[2025-09-26T05:09:28.425Z] [WARN] Outdated package: react (current: 18.3.1, wanted: 18.3.1, latest: 19.1.1) 
[2025-09-26T05:09:28.426Z] [WARN] Outdated package: react-dom (current: 18.3.1, wanted: 18.3.1, latest: 19.1.1) 
[2025-09-26T05:09:28.426Z] [ERROR] Vulnerable package: @svgr/plugin-svgo 
[2025-09-26T05:09:28.427Z] [ERROR] Vulnerable package: @svgr/webpack 
[2025-09-26T05:09:28.427Z] [ERROR] Vulnerable package: css-select 
[2025-09-26T05:09:28.427Z] [ERROR] Vulnerable package: nth-check 
[2025-09-26T05:09:28.428Z] [ERROR] Vulnerable package: postcss 
[2025-09-26T05:09:28.428Z] [ERROR] Vulnerable package: react-scripts 
[2025-09-26T05:09:28.429Z] [ERROR] Vulnerable package: resolve-url-loader 
[2025-09-26T05:09:28.429Z] [ERROR] Vulnerable package: svgo 
[2025-09-26T05:09:28.430Z] [ERROR] Vulnerable package: webpack-dev-server 
[2025-09-26T05:09:28.430Z] [INFO] npm version scan completed. Overall success: false 
