# SUMMARY LOG
Started at: 2025-09-26T05:08:55.510Z
==================================================

[2025-09-26T05:09:28.475Z] [INFO] PIPELINE EXECUTION SUMMARY 
[2025-09-26T05:09:28.476Z] [INFO] ================================================== 
[2025-09-26T05:09:28.476Z] [INFO] Execution started: 2025-09-26T05:08:55.494Z 
[2025-09-26T05:09:28.477Z] [INFO] Execution completed: 2025-09-26T05:09:28.477Z 
[2025-09-26T05:09:28.477Z] [INFO] Total duration: 32.98 seconds 
[2025-09-26T05:09:28.478Z] [INFO]  
[2025-09-26T05:09:28.478Z] [INFO] STAGE RESULTS: 
[2025-09-26T05:09:28.479Z] [INFO] Language Detection   ✅ PASS 
[2025-09-26T05:09:28.479Z] [INFO]   Languages detected: nodejs 
[2025-09-26T05:09:28.480Z] [INFO]   Primary language: nodejs 
[2025-09-26T05:09:28.480Z] [INFO] Dependency Check     ✅ PASS 
[2025-09-26T05:09:28.481Z] [INFO]   nodejs: SUCCESS 
[2025-09-26T05:09:28.481Z] [INFO] Code Quality         ✅ PASS 
[2025-09-26T05:09:28.482Z] [INFO]   nodejs: SUCCESS 
[2025-09-26T05:09:28.483Z] [INFO] NPM Version Scan     ❌ FAIL 
[2025-09-26T05:09:28.483Z] [INFO]   nodejs: FAILED 
[2025-09-26T05:09:28.484Z] [INFO] Secret Detection     ✅ PASS 
[2025-09-26T05:09:28.484Z] [INFO]   secretScan: SUCCESS 
[2025-09-26T05:09:28.485Z] [INFO] SAST Scan            ✅ PASS 
[2025-09-26T05:09:28.485Z] [INFO]   coverage: SUCCESS 
[2025-09-26T05:09:28.486Z] [ERROR]  
[2025-09-26T05:09:28.486Z] [ERROR] ❌ PIPELINE FAILED: Please review the issues above. 
[2025-09-26T05:09:28.487Z] [INFO]  
[2025-09-26T05:09:28.487Z] [INFO] FINAL STATUS: FAILED 
[2025-09-26T05:09:28.487Z] [INFO] Log files location: C:\Users\hsjagad\CascadeProjects\windsurf-cicd-pipeline-pre-commit\React_demo-master\windsurf-pipeline\logs\run-2025-09-26T05-08-55-495Z 
