# SUMMARY LOG
Started at: 2025-09-09T10:23:57.541Z
==================================================

[2025-09-09T10:24:07.118Z] [INFO] PIPELINE EXECUTION SUMMARY 
[2025-09-09T10:24:07.118Z] [INFO] ================================================== 
[2025-09-09T10:24:07.118Z] [INFO] Execution started: 2025-09-09T10:23:57.519Z 
[2025-09-09T10:24:07.119Z] [INFO] Execution completed: 2025-09-09T10:24:07.119Z 
[2025-09-09T10:24:07.119Z] [INFO] Total duration: 9.60 seconds 
[2025-09-09T10:24:07.119Z] [INFO]  
[2025-09-09T10:24:07.120Z] [INFO] STAGE RESULTS: 
[2025-09-09T10:24:07.120Z] [INFO] Language Detection   ✅ PASS 
[2025-09-09T10:24:07.136Z] [INFO]   Languages detected: nodejs 
[2025-09-09T10:24:07.136Z] [INFO]   Primary language: nodejs 
[2025-09-09T10:24:07.137Z] [INFO] Dependency Check     ✅ PASS 
[2025-09-09T10:24:07.137Z] [INFO]   nodejs: SUCCESS 
[2025-09-09T10:24:07.138Z] [INFO] Code Quality         ✅ PASS 
[2025-09-09T10:24:07.138Z] [INFO]   nodejs: SUCCESS 
[2025-09-09T10:24:07.139Z] [INFO] Tests                ✅ PASS 
[2025-09-09T10:24:07.139Z] [INFO]   nodejs: SUCCESS 
[2025-09-09T10:24:07.140Z] [INFO] Security Scan        ✅ PASS 
[2025-09-09T10:24:07.140Z] [INFO]   basic: SUCCESS 
[2025-09-09T10:24:07.141Z] [INFO]   nodejs: SUCCESS 
[2025-09-09T10:24:07.141Z] [INFO] Build                ✅ PASS 
[2025-09-09T10:24:07.141Z] [INFO]   nodejs: SUCCESS 
[2025-09-09T10:24:07.143Z] [INFO]  
[2025-09-09T10:24:07.143Z] [INFO] 🎉 PIPELINE SUCCESS: All checks passed! Code is ready for deployment. 
[2025-09-09T10:24:07.144Z] [INFO]  
[2025-09-09T10:24:07.144Z] [INFO] FINAL STATUS: SUCCESS 
[2025-09-09T10:24:07.144Z] [INFO] Log files location: C:\Users\hsjagad\CascadeProjects\windsurf-cicd\local-pipeline\logs\run-2025-09-09T10-23-57-520Z 
