# SUMMARY LOG
Started at: 2025-09-26T12:57:51.710Z
==================================================

[2025-09-26T12:58:38.074Z] [INFO] PIPELINE EXECUTION SUMMARY 
[2025-09-26T12:58:38.076Z] [INFO] ================================================== 
[2025-09-26T12:58:38.077Z] [INFO] Execution started: 2025-09-26T12:57:51.669Z 
[2025-09-26T12:58:38.078Z] [INFO] Execution completed: 2025-09-26T12:58:38.078Z 
[2025-09-26T12:58:38.079Z] [INFO] Total duration: 46.40 seconds 
[2025-09-26T12:58:38.080Z] [INFO]  
[2025-09-26T12:58:38.081Z] [INFO] STAGE RESULTS: 
[2025-09-26T12:58:38.083Z] [INFO] Language Detection   ✅ PASS 
[2025-09-26T12:58:38.086Z] [INFO]   Languages detected: nodejs 
[2025-09-26T12:58:38.088Z] [INFO]   Primary language: nodejs 
[2025-09-26T12:58:38.091Z] [INFO] Dependency Check     ✅ PASS 
[2025-09-26T12:58:38.093Z] [INFO]   nodejs: SUCCESS 
[2025-09-26T12:58:38.095Z] [INFO] Code Quality         ❌ FAIL 
[2025-09-26T12:58:38.097Z] [INFO]   nodejs: FAILED 
[2025-09-26T12:58:38.100Z] [INFO] NPM Version Scan     ❌ FAIL 
[2025-09-26T12:58:38.103Z] [INFO]   nodejs: FAILED 
[2025-09-26T12:58:38.105Z] [INFO] Secret Detection     ✅ PASS 
[2025-09-26T12:58:38.107Z] [INFO]   secretScan: SUCCESS 
[2025-09-26T12:58:38.109Z] [INFO] SAST Scan            ✅ PASS 
[2025-09-26T12:58:38.111Z] [INFO]   coverage: SUCCESS 
[2025-09-26T12:58:38.114Z] [ERROR]  
[2025-09-26T12:58:38.117Z] [ERROR] ❌ PIPELINE FAILED: Please review the issues above. 
[2025-09-26T12:58:38.120Z] [INFO]  
[2025-09-26T12:58:38.121Z] [INFO] FINAL STATUS: FAILED 
[2025-09-26T12:58:38.122Z] [INFO] Log files location: C:\Users\hsjagad\CascadeProjects\windsurf-cicd-pipeline-pre-commit\React_demo-master\windsurf-pipeline\logs\run-2025-09-26T12-57-51-670Z 
