# CODE QUALITY LOG
Started at: 2025-09-26T10:23:12.220Z
==================================================

[2025-09-26T10:23:15.751Z] [INFO] Starting code quality checks for languages: nodejs
[2025-09-26T10:23:15.752Z] [INFO] Running nodejs code quality checks 
[2025-09-26T10:23:18.667Z] [ERROR] ESLINT FAILED: 
[2025-09-26T10:23:18.668Z] [ERROR] Output: 
[2025-09-26T10:23:18.668Z] [ERROR] 
Oops! Something went wrong! :(

ESLint: 9.36.0

ESLint couldn't find an eslint.config.(js|mjs|cjs) file.

From ESLint v9.0.0, the default configuration file is now eslint.config.js.
If you are using a .eslintrc.* file, please follow the migration guide
to update your configuration file to the new format:

https://eslint.org/docs/latest/use/configure/migration-guide

If you still have problems after following the migration guide, please stop by
https://eslint.org/chat/help to chat with the team.

 
[2025-09-26T10:23:23.130Z] [ERROR] nodejs code quality: FAILED 
[2025-09-26T10:23:23.131Z] [ERROR] === NODEJS CODE QUALITY FAILURE DETAILS === 
[2025-09-26T10:23:23.131Z] [ERROR] ESLINT FAILED: 
[2025-09-26T10:23:23.131Z] [ERROR] Error: 
Oops! Something went wrong! :(

ESLint: 9.36.0

ESLint couldn't find an eslint.config.(js|mjs|cjs) file.

From ESLint v9.0.0, the default configuration file is now eslint.config.js.
If you are using a .eslintrc.* file, please follow the migration guide
to update your configuration file to the new format:

https://eslint.org/docs/latest/use/configure/migration-guide

If you still have problems after following the migration guide, please stop by
https://eslint.org/chat/help to chat with the team.

 
[2025-09-26T10:23:23.132Z] [ERROR] Error Message: Command failed: npx eslint src/ --ext .js,.jsx,.ts,.tsx --no-error-on-unmatched-pattern

Oops! Something went wrong! :(

ESLint: 9.36.0

ESLint couldn't find an eslint.config.(js|mjs|cjs) file.

From ESLint v9.0.0, the default configuration file is now eslint.config.js.
If you are using a .eslintrc.* file, please follow the migration guide
to update your configuration file to the new format:

https://eslint.org/docs/latest/use/configure/migration-guide

If you still have problems after following the migration guide, please stop by
https://eslint.org/chat/help to chat with the team.

 
[2025-09-26T10:23:23.132Z] [ERROR] PRETTIER FAILED: 
[2025-09-26T10:23:23.133Z] [ERROR] Output: Checking formatting...
 
[2025-09-26T10:23:23.133Z] [ERROR] Error: [[33mwarn[39m] src/App.js
[[33mwarn[39m] src/components/Dashboard.js
[[33mwarn[39m] src/components/TestConsole.js
[[33mwarn[39m] Code style issues found in 3 files. Run Prettier with --write to fix.
 
[2025-09-26T10:23:23.134Z] [ERROR] Error Message: Command failed: npx prettier --check src/ --ignore-unknown
[[33mwarn[39m] src/App.js
[[33mwarn[39m] src/components/Dashboard.js
[[33mwarn[39m] src/components/TestConsole.js
[[33mwarn[39m] Code style issues found in 3 files. Run Prettier with --write to fix.
 
[2025-09-26T10:23:23.134Z] [INFO] Code quality checks completed. Overall success: false 
