# SUMMARY LOG
Started at: 2025-09-26T11:55:55.503Z
==================================================

[2025-09-26T11:57:01.307Z] [INFO] PIPELINE EXECUTION SUMMARY 
[2025-09-26T11:57:01.312Z] [INFO] ================================================== 
[2025-09-26T11:57:01.314Z] [INFO] Execution started: 2025-09-26T11:55:55.434Z 
[2025-09-26T11:57:01.317Z] [INFO] Execution completed: 2025-09-26T11:57:01.317Z 
[2025-09-26T11:57:01.320Z] [INFO] Total duration: 65.86 seconds 
[2025-09-26T11:57:01.323Z] [INFO]  
[2025-09-26T11:57:01.325Z] [INFO] STAGE RESULTS: 
[2025-09-26T11:57:01.327Z] [INFO] Language Detection   ✅ PASS 
[2025-09-26T11:57:01.331Z] [INFO]   Languages detected: nodejs 
[2025-09-26T11:57:01.335Z] [INFO]   Primary language: nodejs 
[2025-09-26T11:57:01.339Z] [INFO] Dependency Check     ✅ PASS 
[2025-09-26T11:57:01.342Z] [INFO]   nodejs: SUCCESS 
[2025-09-26T11:57:01.344Z] [INFO] Code Quality         ✅ PASS 
[2025-09-26T11:57:01.345Z] [INFO]   nodejs: SUCCESS 
[2025-09-26T11:57:01.349Z] [INFO] NPM Version Scan     ❌ FAIL 
[2025-09-26T11:57:01.364Z] [INFO]   nodejs: FAILED 
[2025-09-26T11:57:01.376Z] [INFO] Secret Detection     ✅ PASS 
[2025-09-26T11:57:01.378Z] [INFO]   secretScan: SUCCESS 
[2025-09-26T11:57:01.381Z] [INFO] SAST Scan            ✅ PASS 
[2025-09-26T11:57:01.383Z] [INFO]   coverage: SUCCESS 
[2025-09-26T11:57:01.388Z] [ERROR]  
[2025-09-26T11:57:01.390Z] [ERROR] ❌ PIPELINE FAILED: Please review the issues above. 
[2025-09-26T11:57:01.391Z] [INFO]  
[2025-09-26T11:57:01.392Z] [INFO] FINAL STATUS: FAILED 
[2025-09-26T11:57:01.393Z] [INFO] Log files location: C:\Users\hsjagad\CascadeProjects\windsurf-cicd-pipeline-pre-commit\React_demo-master\windsurf-pipeline\logs\run-2025-09-26T11-55-55-436Z 
