# SUMMARY LOG
Started at: 2025-09-26T13:20:09.666Z
==================================================

[2025-09-26T13:20:42.746Z] [INFO] PIPELINE EXECUTION SUMMARY 
[2025-09-26T13:20:42.748Z] [INFO] ================================================== 
[2025-09-26T13:20:42.749Z] [INFO] Execution started: 2025-09-26T13:20:09.642Z 
[2025-09-26T13:20:42.749Z] [INFO] Execution completed: 2025-09-26T13:20:42.749Z 
[2025-09-26T13:20:42.750Z] [INFO] Total duration: 33.10 seconds 
[2025-09-26T13:20:42.750Z] [INFO]  
[2025-09-26T13:20:42.751Z] [INFO] STAGE RESULTS: 
[2025-09-26T13:20:42.751Z] [INFO] Language Detection   ✅ PASS 
[2025-09-26T13:20:42.752Z] [INFO]   Languages detected: nodejs 
[2025-09-26T13:20:42.753Z] [INFO]   Primary language: nodejs 
[2025-09-26T13:20:42.754Z] [INFO] Dependency Check     ✅ PASS 
[2025-09-26T13:20:42.755Z] [INFO]   nodejs: SUCCESS 
[2025-09-26T13:20:42.756Z] [INFO] Code Quality         ✅ PASS 
[2025-09-26T13:20:42.757Z] [INFO]   nodejs: SUCCESS 
[2025-09-26T13:20:42.758Z] [INFO] NPM Version Scan     ❌ FAIL 
[2025-09-26T13:20:42.759Z] [INFO]   nodejs: FAILED 
[2025-09-26T13:20:42.760Z] [INFO] Secret Detection     ✅ PASS 
[2025-09-26T13:20:42.760Z] [INFO]   secretScan: SUCCESS 
[2025-09-26T13:20:42.761Z] [INFO] SAST Scan            ✅ PASS 
[2025-09-26T13:20:42.762Z] [INFO]   coverage: SUCCESS 
[2025-09-26T13:20:42.763Z] [ERROR]  
[2025-09-26T13:20:42.763Z] [ERROR] ❌ PIPELINE FAILED: Please review the issues above. 
[2025-09-26T13:20:42.764Z] [INFO]  
[2025-09-26T13:20:42.764Z] [INFO] FINAL STATUS: FAILED 
[2025-09-26T13:20:42.765Z] [INFO] Log files location: C:\Users\hsjagad\CascadeProjects\windsurf-cicd-pipeline-pre-commit\React_demo-master\windsurf-pipeline\logs\run-2025-09-26T13-20-09-643Z 
